
> react-kavia@0.1.0 start
> react-scripts start

(node:3976) [DEP_WEBPACK_DEV_SERVER_ON_AFTER_SETUP_MIDDLEWARE] DeprecationWarning: 'onAfterSetupMiddleware' option is deprecated. Please use the 'setupMiddlewares' option.
(Use `node --trace-deprecation ...` to show where the warning was created)
(node:3976) [DEP_WEBPACK_DEV_SERVER_ON_BEFORE_SETUP_MIDDLEWARE] DeprecationWarning: 'onBeforeSetupMiddleware' option is deprecated. Please use the 'setupMiddlewares' option.
Starting the development server...

Compiled successfully!

You can now view react-kavia in the browser.

  Local:            http://localhost:3000
  On Your Network:  http://172.17.0.2:3000

Note that the development build is not optimized.
To create a production build, use npm run build.

webpack compiled successfully
Compiling...
Compiled with warnings.

[eslint] 
src/components/CharacterMovieMatch.js
  Line 16:10:  'draggedChar' is assigned a value but never used                                                               no-unused-vars
  Line 53:6:   React Hook useEffect has a missing dependency: 'CHARACTERS'. Either include it or remove the dependency array  react-hooks/exhaustive-deps

src/components/EmojiMovieQuiz.js
  Line 2:10:  'fetchKollywoodMovies' is defined but never used  no-unused-vars

src/components/MysteryMovieDetective.js
  Line 16:10:  'showClues' is assigned a value but never used     no-unused-vars
  Line 16:21:  'setShowClues' is assigned a value but never used  no-unused-vars

Search for the keywords to learn more about each warning.
To ignore, add // eslint-disable-next-line to the line before.

WARNING in [eslint] 
src/components/CharacterMovieMatch.js
  Line 16:10:  'draggedChar' is assigned a value but never used                                                               no-unused-vars
  Line 53:6:   React Hook useEffect has a missing dependency: 'CHARACTERS'. Either include it or remove the dependency array  react-hooks/exhaustive-deps

src/components/EmojiMovieQuiz.js
  Line 2:10:  'fetchKollywoodMovies' is defined but never used  no-unused-vars

src/components/MysteryMovieDetective.js
  Line 16:10:  'showClues' is assigned a value but never used     no-unused-vars
  Line 16:21:  'setShowClues' is assigned a value but never used  no-unused-vars

webpack compiled with 1 warning
